[ec2-user@ip-10-1-10-80 ~]$ mysql -u admin -p -h  database.cfckguxiqlkg.us-east-1.rds.amazonaws.com
Enter password: 
Welcome to the MySQL monitor.  Commands end with ; or \g.
Your MySQL connection id is 45
Server version: 8.0.28 Source distribution

Copyright (c) 2000, 2022, Oracle and/or its affiliates.

Oracle is a registered trademark of Oracle Corporation and/or its
affiliates. Other names may be trademarks of their respective
owners.

Type 'help;' or '\h' for help. Type '\c' to clear the current input statement.

mysql> use udacity
Database changed
mysql> create table student (name varchar(255), age int)
    -> 
    -> exit
    -> 
[1]+  Stopped                 mysql -u admin -p -h database.cfckguxiqlkg.us-east-1.rds.amazonaws.com
[ec2-user@ip-10-1-10-80 ~]$ mysql -u admin -p -h  database.cfckguxiqlkg.us-east-1.rds.amazonaws.com
Enter password: 
Welcome to the MySQL monitor.  Commands end with ; or \g.
Your MySQL connection id is 47
Server version: 8.0.28 Source distribution

Copyright (c) 2000, 2022, Oracle and/or its affiliates.

Oracle is a registered trademark of Oracle Corporation and/or its
affiliates. Other names may be trademarks of their respective
owners.

Type 'help;' or '\h' for help. Type '\c' to clear the current input statement.

mysql> create table student (name varchar(255), age int);
ERROR 1046 (3D000): No database selected
mysql> insert into student (name, age) value (tienphong', 23)
    '> 
[2]+  Stopped                 mysql -u admin -p -h database.cfckguxiqlkg.us-east-1.rds.amazonaws.com
[ec2-user@ip-10-1-10-80 ~]$ mysql -u admin -p -h  database.cfckguxiqlkg.us-east-1.rds.amazonaws.com
Enter password: 
Welcome to the MySQL monitor.  Commands end with ; or \g.
Your MySQL connection id is 48
Server version: 8.0.28 Source distribution

Copyright (c) 2000, 2022, Oracle and/or its affiliates.

Oracle is a registered trademark of Oracle Corporation and/or its
affiliates. Other names may be trademarks of their respective
owners.

Type 'help;' or '\h' for help. Type '\c' to clear the current input statement.

mysql> insert into student (name, age) values ('tienphong', 23);
ERROR 1046 (3D000): No database selected
mysql> 
mysql> create table student (name varchar(255), age int);
ERROR 1046 (3D000): No database selected
mysql> use udacity
Database changed
mysql> create table student (name varchar(255), age int);
Query OK, 0 rows affected (0,09 sec)

mysql> insert into student (name, age) values ("tienphong", 23)
    -> 
[3]+  Stopped                 mysql -u admin -p -h database.cfckguxiqlkg.us-east-1.rds.amazonaws.com
[ec2-user@ip-10-1-10-80 ~]$ mysql -u admin -p -h  database.cfckguxiqlkg.us-east-1.rds.amazonaws.com
Enter password: 
Welcome to the MySQL monitor.  Commands end with ; or \g.
Your MySQL connection id is 50
Server version: 8.0.28 Source distribution

Copyright (c) 2000, 2022, Oracle and/or its affiliates.

Oracle is a registered trademark of Oracle Corporation and/or its
affiliates. Other names may be trademarks of their respective
owners.

Type 'help;' or '\h' for help. Type '\c' to clear the current input statement.

mysql> use udacity
Reading table information for completion of table and column names
You can turn off this feature to get a quicker startup with -A

Database changed
mysql> insert into student (name, age) values ("tienphong", 23);
Query OK, 1 row affected (0,01 sec)

mysql> select * from student
    -> exit
    -> 
[4]+  Stopped                 mysql -u admin -p -h database.cfckguxiqlkg.us-east-1.rds.amazonaws.com
[ec2-user@ip-10-1-10-80 ~]$ mysql -u admin -p -h  database.cfckguxiqlkg.us-east-1.rds.amazonaws.com
Enter password: 
Welcome to the MySQL monitor.  Commands end with ; or \g.
Your MySQL connection id is 51
Server version: 8.0.28 Source distribution

Copyright (c) 2000, 2022, Oracle and/or its affiliates.

Oracle is a registered trademark of Oracle Corporation and/or its
affiliates. Other names may be trademarks of their respective
owners.

Type 'help;' or '\h' for help. Type '\c' to clear the current input statement.

mysql> select * from student;
ERROR 1046 (3D000): No database selected
mysql> use udacity
Reading table information for completion of table and column names
You can turn off this feature to get a quicker startup with -A

Database changed
mysql> select * from student;
+---------+------+
| name    | age  |
+---------+------+
| tienphong |   23 |
+---------+------+
1 row in set (0,00 sec)

mysql> 
mysql> 
